------------------------------------------------------------
TimeQuest Timing Analyzer Summary
------------------------------------------------------------

Type  : Slow 1100mV 85C Model Setup 'clock'
Slack : -5.715
TNS   : -3505.334

Type  : Slow 1100mV 85C Model Setup 'Control_Unit:inst2|mux_7[0]'
Slack : -4.995
TNS   : -59.361

Type  : Slow 1100mV 85C Model Setup 'Control_Unit:inst2|REG_B'
Slack : -1.476
TNS   : -34.349

Type  : Slow 1100mV 85C Model Hold 'Control_Unit:inst2|mux_7[0]'
Slack : -1.796
TNS   : -43.056

Type  : Slow 1100mV 85C Model Hold 'Control_Unit:inst2|REG_B'
Slack : -0.315
TNS   : -4.685

Type  : Slow 1100mV 85C Model Hold 'clock'
Slack : -0.026
TNS   : -0.044

Type  : Slow 1100mV 85C Model Minimum Pulse Width 'clock'
Slack : -0.769
TNS   : -1289.695

Type  : Slow 1100mV 85C Model Minimum Pulse Width 'Control_Unit:inst2|mux_7[0]'
Slack : 0.403
TNS   : 0.000

Type  : Slow 1100mV 85C Model Minimum Pulse Width 'Control_Unit:inst2|REG_B'
Slack : 0.429
TNS   : 0.000

Type  : Slow 1100mV 0C Model Setup 'clock'
Slack : -5.185
TNS   : -3163.431

Type  : Slow 1100mV 0C Model Setup 'Control_Unit:inst2|mux_7[0]'
Slack : -4.494
TNS   : -53.427

Type  : Slow 1100mV 0C Model Setup 'Control_Unit:inst2|REG_B'
Slack : -1.359
TNS   : -31.501

Type  : Slow 1100mV 0C Model Hold 'Control_Unit:inst2|mux_7[0]'
Slack : -1.669
TNS   : -39.773

Type  : Slow 1100mV 0C Model Hold 'Control_Unit:inst2|REG_B'
Slack : -0.239
TNS   : -3.309

Type  : Slow 1100mV 0C Model Hold 'clock'
Slack : -0.008
TNS   : -0.008

Type  : Slow 1100mV 0C Model Minimum Pulse Width 'clock'
Slack : -0.769
TNS   : -1290.409

Type  : Slow 1100mV 0C Model Minimum Pulse Width 'Control_Unit:inst2|mux_7[0]'
Slack : 0.391
TNS   : 0.000

Type  : Slow 1100mV 0C Model Minimum Pulse Width 'Control_Unit:inst2|REG_B'
Slack : 0.430
TNS   : 0.000

Type  : Fast 1100mV 0C Model Setup 'clock'
Slack : -3.534
TNS   : -2092.332

Type  : Fast 1100mV 0C Model Setup 'Control_Unit:inst2|mux_7[0]'
Slack : -3.008
TNS   : -30.583

Type  : Fast 1100mV 0C Model Setup 'Control_Unit:inst2|REG_B'
Slack : -0.839
TNS   : -15.961

Type  : Fast 1100mV 0C Model Hold 'Control_Unit:inst2|mux_7[0]'
Slack : -1.268
TNS   : -30.750

Type  : Fast 1100mV 0C Model Hold 'Control_Unit:inst2|REG_B'
Slack : -0.070
TNS   : -0.400

Type  : Fast 1100mV 0C Model Hold 'clock'
Slack : 0.051
TNS   : 0.000

Type  : Fast 1100mV 0C Model Minimum Pulse Width 'clock'
Slack : -0.344
TNS   : -783.569

Type  : Fast 1100mV 0C Model Minimum Pulse Width 'Control_Unit:inst2|mux_7[0]'
Slack : 0.432
TNS   : 0.000

Type  : Fast 1100mV 0C Model Minimum Pulse Width 'Control_Unit:inst2|REG_B'
Slack : 0.439
TNS   : 0.000

------------------------------------------------------------
