------------------------------------------------------------
TimeQuest Timing Analyzer Summary
------------------------------------------------------------

Type  : Slow 1100mV 85C Model Setup 'clock'
Slack : -4.710
TNS   : -2628.326

Type  : Slow 1100mV 85C Model Setup 'Control_Unit:inst2|REG_B'
Slack : -0.846
TNS   : -20.793

Type  : Slow 1100mV 85C Model Setup 'Control_Unit:inst2|mux_6[1]'
Slack : 0.011
TNS   : 0.000

Type  : Slow 1100mV 85C Model Hold 'Control_Unit:inst2|mux_6[1]'
Slack : -1.390
TNS   : -6.133

Type  : Slow 1100mV 85C Model Hold 'Control_Unit:inst2|REG_B'
Slack : -0.471
TNS   : -8.388

Type  : Slow 1100mV 85C Model Hold 'clock'
Slack : 0.061
TNS   : 0.000

Type  : Slow 1100mV 85C Model Minimum Pulse Width 'clock'
Slack : -0.769
TNS   : -1216.088

Type  : Slow 1100mV 85C Model Minimum Pulse Width 'Control_Unit:inst2|REG_B'
Slack : 0.393
TNS   : 0.000

Type  : Slow 1100mV 85C Model Minimum Pulse Width 'Control_Unit:inst2|mux_6[1]'
Slack : 0.431
TNS   : 0.000

Type  : Slow 1100mV 0C Model Setup 'clock'
Slack : -4.208
TNS   : -2338.319

Type  : Slow 1100mV 0C Model Setup 'Control_Unit:inst2|REG_B'
Slack : -0.791
TNS   : -19.022

Type  : Slow 1100mV 0C Model Setup 'Control_Unit:inst2|mux_6[1]'
Slack : 0.030
TNS   : 0.000

Type  : Slow 1100mV 0C Model Hold 'Control_Unit:inst2|mux_6[1]'
Slack : -1.234
TNS   : -5.466

Type  : Slow 1100mV 0C Model Hold 'Control_Unit:inst2|REG_B'
Slack : -0.401
TNS   : -6.108

Type  : Slow 1100mV 0C Model Hold 'clock'
Slack : 0.079
TNS   : 0.000

Type  : Slow 1100mV 0C Model Minimum Pulse Width 'clock'
Slack : -0.769
TNS   : -1216.782

Type  : Slow 1100mV 0C Model Minimum Pulse Width 'Control_Unit:inst2|REG_B'
Slack : 0.394
TNS   : 0.000

Type  : Slow 1100mV 0C Model Minimum Pulse Width 'Control_Unit:inst2|mux_6[1]'
Slack : 0.421
TNS   : 0.000

Type  : Fast 1100mV 0C Model Setup 'clock'
Slack : -2.725
TNS   : -1445.479

Type  : Fast 1100mV 0C Model Setup 'Control_Unit:inst2|REG_B'
Slack : -0.272
TNS   : -5.283

Type  : Fast 1100mV 0C Model Setup 'Control_Unit:inst2|mux_6[1]'
Slack : 0.324
TNS   : 0.000

Type  : Fast 1100mV 0C Model Hold 'Control_Unit:inst2|mux_6[1]'
Slack : -0.856
TNS   : -3.853

Type  : Fast 1100mV 0C Model Hold 'Control_Unit:inst2|REG_B'
Slack : -0.224
TNS   : -2.217

Type  : Fast 1100mV 0C Model Hold 'clock'
Slack : 0.141
TNS   : 0.000

Type  : Fast 1100mV 0C Model Minimum Pulse Width 'clock'
Slack : -0.347
TNS   : -737.769

Type  : Fast 1100mV 0C Model Minimum Pulse Width 'Control_Unit:inst2|REG_B'
Slack : 0.421
TNS   : 0.000

Type  : Fast 1100mV 0C Model Minimum Pulse Width 'Control_Unit:inst2|mux_6[1]'
Slack : 0.421
TNS   : 0.000

------------------------------------------------------------
