Analysis & Synthesis report for DedoNoQuartusEGritaria
Mon Oct 14 21:08:36 2019
Quartus II Version 9.1 Build 350 03/24/2010 Service Pack 2 SJ Web Edition


---------------------
; Table of Contents ;
---------------------
  1. Legal Notice
  2. Analysis & Synthesis Summary
  3. Analysis & Synthesis Settings
  4. Parallel Compilation
  5. Analysis & Synthesis Source Files Read
  6. Analysis & Synthesis Resource Usage Summary
  7. Analysis & Synthesis Resource Utilization by Entity
  8. State Machine - |Control_Unit|next_state
  9. State Machine - |Control_Unit|state
 10. Registers Removed During Synthesis
 11. General Register Statistics
 12. Multiplexer Restructuring Statistics (Restructuring Performed)
 13. Parameter Settings for User Entity Instance: Top-level Entity: |Control_Unit
 14. Analysis & Synthesis Messages
 15. Analysis & Synthesis Suppressed Messages



----------------
; Legal Notice ;
----------------
Copyright (C) 1991-2010 Altera Corporation
Your use of Altera Corporation's design tools, logic functions 
and other software and tools, and its AMPP partner logic 
functions, and any output files from any of the foregoing 
(including device programming or simulation files), and any 
associated documentation or information are expressly subject 
to the terms and conditions of the Altera Program License 
Subscription Agreement, Altera MegaCore Function License 
Agreement, or other applicable license agreement, including, 
without limitation, that your use is for the sole purpose of 
programming logic devices manufactured by Altera and sold by 
Altera or its authorized distributors.  Please refer to the 
applicable agreement for further details.



+------------------------------------------------------------------------------+
; Analysis & Synthesis Summary                                                 ;
+-------------------------------+----------------------------------------------+
; Analysis & Synthesis Status   ; Successful - Mon Oct 14 21:08:36 2019        ;
; Quartus II Version            ; 9.1 Build 350 03/24/2010 SP 2 SJ Web Edition ;
; Revision Name                 ; DedoNoQuartusEGritaria                       ;
; Top-level Entity Name         ; Control_Unit                                 ;
; Family                        ; Stratix II                                   ;
; Logic utilization             ; N/A                                          ;
;     Combinational ALUTs       ; 6                                            ;
;     Dedicated logic registers ; 10                                           ;
; Total registers               ; 10                                           ;
; Total pins                    ; 60                                           ;
; Total virtual pins            ; 0                                            ;
; Total block memory bits       ; 0                                            ;
; DSP block 9-bit elements      ; 0                                            ;
; Total PLLs                    ; 0                                            ;
; Total DLLs                    ; 0                                            ;
+-------------------------------+----------------------------------------------+


+--------------------------------------------------------------------------------------------------------------------------+
; Analysis & Synthesis Settings                                                                                            ;
+----------------------------------------------------------------------------+--------------------+------------------------+
; Option                                                                     ; Setting            ; Default Value          ;
+----------------------------------------------------------------------------+--------------------+------------------------+
; Top-level entity name                                                      ; Control_Unit       ; DedoNoQuartusEGritaria ;
; Family name                                                                ; Stratix II         ; Stratix II             ;
; Use Generated Physical Constraints File                                    ; Off                ;                        ;
; Use smart compilation                                                      ; Off                ; Off                    ;
; Enable parallel Assembler and TimeQuest Timing Analyzer during compilation ; On                 ; On                     ;
; Enable compact report table                                                ; Off                ; Off                    ;
; Restructure Multiplexers                                                   ; Auto               ; Auto                   ;
; Create Debugging Nodes for IP Cores                                        ; Off                ; Off                    ;
; Preserve fewer node names                                                  ; On                 ; On                     ;
; Disable OpenCore Plus hardware evaluation                                  ; Off                ; Off                    ;
; Verilog Version                                                            ; Verilog_2001       ; Verilog_2001           ;
; VHDL Version                                                               ; VHDL_1993          ; VHDL_1993              ;
; State Machine Processing                                                   ; Auto               ; Auto                   ;
; Safe State Machine                                                         ; Off                ; Off                    ;
; Extract Verilog State Machines                                             ; On                 ; On                     ;
; Extract VHDL State Machines                                                ; On                 ; On                     ;
; Ignore Verilog initial constructs                                          ; Off                ; Off                    ;
; Iteration limit for constant Verilog loops                                 ; 5000               ; 5000                   ;
; Iteration limit for non-constant Verilog loops                             ; 250                ; 250                    ;
; Add Pass-Through Logic to Inferred RAMs                                    ; On                 ; On                     ;
; Parallel Synthesis                                                         ; On                 ; On                     ;
; DSP Block Balancing                                                        ; Auto               ; Auto                   ;
; NOT Gate Push-Back                                                         ; On                 ; On                     ;
; Power-Up Don't Care                                                        ; On                 ; On                     ;
; Remove Redundant Logic Cells                                               ; Off                ; Off                    ;
; Remove Duplicate Registers                                                 ; On                 ; On                     ;
; Ignore CARRY Buffers                                                       ; Off                ; Off                    ;
; Ignore CASCADE Buffers                                                     ; Off                ; Off                    ;
; Ignore GLOBAL Buffers                                                      ; Off                ; Off                    ;
; Ignore ROW GLOBAL Buffers                                                  ; Off                ; Off                    ;
; Ignore LCELL Buffers                                                       ; Off                ; Off                    ;
; Ignore SOFT Buffers                                                        ; On                 ; On                     ;
; Limit AHDL Integers to 32 Bits                                             ; Off                ; Off                    ;
; Optimization Technique                                                     ; Balanced           ; Balanced               ;
; Carry Chain Length                                                         ; 70                 ; 70                     ;
; Auto Carry Chains                                                          ; On                 ; On                     ;
; Auto Open-Drain Pins                                                       ; On                 ; On                     ;
; Perform WYSIWYG Primitive Resynthesis                                      ; Off                ; Off                    ;
; Auto ROM Replacement                                                       ; On                 ; On                     ;
; Auto RAM Replacement                                                       ; On                 ; On                     ;
; Auto DSP Block Replacement                                                 ; On                 ; On                     ;
; Auto Shift Register Replacement                                            ; Auto               ; Auto                   ;
; Auto Clock Enable Replacement                                              ; On                 ; On                     ;
; Strict RAM Replacement                                                     ; Off                ; Off                    ;
; Allow Synchronous Control Signals                                          ; On                 ; On                     ;
; Force Use of Synchronous Clear Signals                                     ; Off                ; Off                    ;
; Auto RAM Block Balancing                                                   ; On                 ; On                     ;
; Auto RAM to Logic Cell Conversion                                          ; Off                ; Off                    ;
; Auto Resource Sharing                                                      ; Off                ; Off                    ;
; Allow Any RAM Size For Recognition                                         ; Off                ; Off                    ;
; Allow Any ROM Size For Recognition                                         ; Off                ; Off                    ;
; Allow Any Shift Register Size For Recognition                              ; Off                ; Off                    ;
; Use LogicLock Constraints during Resource Balancing                        ; On                 ; On                     ;
; Ignore translate_off and synthesis_off directives                          ; Off                ; Off                    ;
; Timing-Driven Synthesis                                                    ; Off                ; Off                    ;
; Show Parameter Settings Tables in Synthesis Report                         ; On                 ; On                     ;
; Ignore Maximum Fan-Out Assignments                                         ; Off                ; Off                    ;
; Synchronization Register Chain Length                                      ; 2                  ; 2                      ;
; PowerPlay Power Optimization                                               ; Normal compilation ; Normal compilation     ;
; HDL message level                                                          ; Level2             ; Level2                 ;
; Suppress Register Optimization Related Messages                            ; Off                ; Off                    ;
; Number of Removed Registers Reported in Synthesis Report                   ; 5000               ; 5000                   ;
; Number of Inverted Registers Reported in Synthesis Report                  ; 100                ; 100                    ;
; Clock MUX Protection                                                       ; On                 ; On                     ;
; Auto Gated Clock Conversion                                                ; Off                ; Off                    ;
; Block Design Naming                                                        ; Auto               ; Auto                   ;
; SDC constraint protection                                                  ; Off                ; Off                    ;
; Synthesis Effort                                                           ; Auto               ; Auto                   ;
; Shift Register Replacement - Allow Asynchronous Clear Signal               ; On                 ; On                     ;
; Analysis & Synthesis Message Level                                         ; Medium             ; Medium                 ;
; Disable Register Merging Across Hierarchies                                ; Auto               ; Auto                   ;
; Resource Aware Inference For Block RAM                                     ; On                 ; On                     ;
+----------------------------------------------------------------------------+--------------------+------------------------+


Parallel compilation was disabled, but you have multiple processors available. Enable parallel compilation to reduce compilation time.
+-------------------------------------+
; Parallel Compilation                ;
+----------------------------+--------+
; Processors                 ; Number ;
+----------------------------+--------+
; Number detected on machine ; 2      ;
; Maximum allowed            ; 1      ;
+----------------------------+--------+


+---------------------------------------------------------------------------------------------------------------------------------------------------------------------------+
; Analysis & Synthesis Source Files Read                                                                                                                                    ;
+----------------------------------+-----------------+------------------------+---------------------------------------------------------------------------------------------+
; File Name with User-Entered Path ; Used in Netlist ; File Type              ; File Name with Absolute Path                                                                ;
+----------------------------------+-----------------+------------------------+---------------------------------------------------------------------------------------------+
; Control_Unit.v                   ; yes             ; User Verilog HDL File  ; C:/Users/guilh/Documents/Hardware/Projeto/Arquivos de Projeto do Quartus 9.2/Control_Unit.v ;
+----------------------------------+-----------------+------------------------+---------------------------------------------------------------------------------------------+


+-------------------------------------------------------+
; Analysis & Synthesis Resource Usage Summary           ;
+-----------------------------------------------+-------+
; Resource                                      ; Usage ;
+-----------------------------------------------+-------+
; Estimated ALUTs Used                          ; 6     ;
; Dedicated logic registers                     ; 10    ;
;                                               ;       ;
; Estimated ALUTs Unavailable                   ; 0     ;
;                                               ;       ;
; Total combinational functions                 ; 6     ;
; Combinational ALUT usage by number of inputs  ;       ;
;     -- 7 input functions                      ; 0     ;
;     -- 6 input functions                      ; 0     ;
;     -- 5 input functions                      ; 4     ;
;     -- 4 input functions                      ; 1     ;
;     -- <=3 input functions                    ; 1     ;
;                                               ;       ;
; Combinational ALUTs by mode                   ;       ;
;     -- normal mode                            ; 6     ;
;     -- extended LUT mode                      ; 0     ;
;     -- arithmetic mode                        ; 0     ;
;     -- shared arithmetic mode                 ; 0     ;
;                                               ;       ;
; Estimated ALUT/register pairs used            ; 11    ;
;                                               ;       ;
; Total registers                               ; 10    ;
;     -- Dedicated logic registers              ; 10    ;
;     -- I/O registers                          ; 0     ;
;                                               ;       ;
; Estimated ALMs:  partially or completely used ; 6     ;
;                                               ;       ;
; I/O pins                                      ; 60    ;
; Maximum fan-out node                          ; clock ;
; Maximum fan-out                               ; 10    ;
; Total fan-out                                 ; 60    ;
; Average fan-out                               ; 0.79  ;
+-----------------------------------------------+-------+


+-----------------------------------------------------------------------------------------------------------------------------------------------------------------------------------------------+
; Analysis & Synthesis Resource Utilization by Entity                                                                                                                                           ;
+----------------------------+-------------------+--------------+-------------------+--------------+---------+-----------+-----------+------+--------------+---------------------+--------------+
; Compilation Hierarchy Node ; LC Combinationals ; LC Registers ; Block Memory Bits ; DSP Elements ; DSP 9x9 ; DSP 18x18 ; DSP 36x36 ; Pins ; Virtual Pins ; Full Hierarchy Name ; Library Name ;
+----------------------------+-------------------+--------------+-------------------+--------------+---------+-----------+-----------+------+--------------+---------------------+--------------+
; |Control_Unit              ; 6 (6)             ; 10 (10)      ; 0                 ; 0            ; 0       ; 0         ; 0         ; 60   ; 0            ; |Control_Unit       ; work         ;
+----------------------------+-------------------+--------------+-------------------+--------------+---------+-----------+-----------+------+--------------+---------------------+--------------+
Note: For table entries with two numbers listed, the numbers in parentheses indicate the number of resources of the given type used by the specific entity alone. The numbers listed outside of parentheses indicate the total resources of the given type used by the specific entity and all of its sub-entities in the hierarchy.


Encoding Type:  One-Hot
+---------------------------------------------------------------------------------------------------------------------------------------------------------------------------------------------------------------------------------------------------------------------------------------------------------------------------------------------------------------------------------------------------------------------------------------------------------------------------------------------------------------------------------------------------------------------------------------------------------+
; State Machine - |Control_Unit|next_state                                                                                                                                                                                                                                                                                                                                                                                                                                                                                                                                                                ;
+------------------------+--------------------+--------------------+-----------------+----------------+----------------+----------------+----------------+----------------+-----------------+------------------+-------------------+--------------+----------------+---------------------+----------------------+------------------+----------------+---------------+----------------+-----------------+-----------------+----------------------+------------------------+----------------+----------------+----------------+-----------------+--------------------+------------------+-------------------+
; Name                   ; next_state.NOPCODE ; next_state.LS_CALC ; next_state.SLTI ; next_state.LUI ; next_state.BGT ; next_state.BLE ; next_state.BNE ; next_state.BEQ ; next_state.ADDI ; next_state.ADDIU ; next_state.INCDEC ; next_state.J ; next_state.JAL ; next_state.DIV_LOAD ; next_state.MULT_LOAD ; next_state.BREAK ; next_state.RTE ; next_state.JR ; next_state.SLT ; next_state.MFLO ; next_state.MFHI ; next_state.SHIFT_REG ; next_state.SHIFT_SHAMT ; next_state.SUB ; next_state.AND ; next_state.ADD ; next_state.WAIT ; next_state.FETCH_2 ; next_state.FETCH ; next_state.000000 ;
+------------------------+--------------------+--------------------+-----------------+----------------+----------------+----------------+----------------+----------------+-----------------+------------------+-------------------+--------------+----------------+---------------------+----------------------+------------------+----------------+---------------+----------------+-----------------+-----------------+----------------------+------------------------+----------------+----------------+----------------+-----------------+--------------------+------------------+-------------------+
; next_state.000000      ; 0                  ; 0                  ; 0               ; 0              ; 0              ; 0              ; 0              ; 0              ; 0               ; 0                ; 0                 ; 0            ; 0              ; 0                   ; 0                    ; 0                ; 0              ; 0             ; 0              ; 0               ; 0               ; 0                    ; 0                      ; 0              ; 0              ; 0              ; 0               ; 0                  ; 0                ; 0                 ;
; next_state.FETCH       ; 0                  ; 0                  ; 0               ; 0              ; 0              ; 0              ; 0              ; 0              ; 0               ; 0                ; 0                 ; 0            ; 0              ; 0                   ; 0                    ; 0                ; 0              ; 0             ; 0              ; 0               ; 0               ; 0                    ; 0                      ; 0              ; 0              ; 0              ; 0               ; 0                  ; 1                ; 1                 ;
; next_state.FETCH_2     ; 0                  ; 0                  ; 0               ; 0              ; 0              ; 0              ; 0              ; 0              ; 0               ; 0                ; 0                 ; 0            ; 0              ; 0                   ; 0                    ; 0                ; 0              ; 0             ; 0              ; 0               ; 0               ; 0                    ; 0                      ; 0              ; 0              ; 0              ; 0               ; 1                  ; 0                ; 1                 ;
; next_state.WAIT        ; 0                  ; 0                  ; 0               ; 0              ; 0              ; 0              ; 0              ; 0              ; 0               ; 0                ; 0                 ; 0            ; 0              ; 0                   ; 0                    ; 0                ; 0              ; 0             ; 0              ; 0               ; 0               ; 0                    ; 0                      ; 0              ; 0              ; 0              ; 1               ; 0                  ; 0                ; 1                 ;
; next_state.ADD         ; 0                  ; 0                  ; 0               ; 0              ; 0              ; 0              ; 0              ; 0              ; 0               ; 0                ; 0                 ; 0            ; 0              ; 0                   ; 0                    ; 0                ; 0              ; 0             ; 0              ; 0               ; 0               ; 0                    ; 0                      ; 0              ; 0              ; 1              ; 0               ; 0                  ; 0                ; 1                 ;
; next_state.AND         ; 0                  ; 0                  ; 0               ; 0              ; 0              ; 0              ; 0              ; 0              ; 0               ; 0                ; 0                 ; 0            ; 0              ; 0                   ; 0                    ; 0                ; 0              ; 0             ; 0              ; 0               ; 0               ; 0                    ; 0                      ; 0              ; 1              ; 0              ; 0               ; 0                  ; 0                ; 1                 ;
; next_state.SUB         ; 0                  ; 0                  ; 0               ; 0              ; 0              ; 0              ; 0              ; 0              ; 0               ; 0                ; 0                 ; 0            ; 0              ; 0                   ; 0                    ; 0                ; 0              ; 0             ; 0              ; 0               ; 0               ; 0                    ; 0                      ; 1              ; 0              ; 0              ; 0               ; 0                  ; 0                ; 1                 ;
; next_state.SHIFT_SHAMT ; 0                  ; 0                  ; 0               ; 0              ; 0              ; 0              ; 0              ; 0              ; 0               ; 0                ; 0                 ; 0            ; 0              ; 0                   ; 0                    ; 0                ; 0              ; 0             ; 0              ; 0               ; 0               ; 0                    ; 1                      ; 0              ; 0              ; 0              ; 0               ; 0                  ; 0                ; 1                 ;
; next_state.SHIFT_REG   ; 0                  ; 0                  ; 0               ; 0              ; 0              ; 0              ; 0              ; 0              ; 0               ; 0                ; 0                 ; 0            ; 0              ; 0                   ; 0                    ; 0                ; 0              ; 0             ; 0              ; 0               ; 0               ; 1                    ; 0                      ; 0              ; 0              ; 0              ; 0               ; 0                  ; 0                ; 1                 ;
; next_state.MFHI        ; 0                  ; 0                  ; 0               ; 0              ; 0              ; 0              ; 0              ; 0              ; 0               ; 0                ; 0                 ; 0            ; 0              ; 0                   ; 0                    ; 0                ; 0              ; 0             ; 0              ; 0               ; 1               ; 0                    ; 0                      ; 0              ; 0              ; 0              ; 0               ; 0                  ; 0                ; 1                 ;
; next_state.MFLO        ; 0                  ; 0                  ; 0               ; 0              ; 0              ; 0              ; 0              ; 0              ; 0               ; 0                ; 0                 ; 0            ; 0              ; 0                   ; 0                    ; 0                ; 0              ; 0             ; 0              ; 1               ; 0               ; 0                    ; 0                      ; 0              ; 0              ; 0              ; 0               ; 0                  ; 0                ; 1                 ;
; next_state.SLT         ; 0                  ; 0                  ; 0               ; 0              ; 0              ; 0              ; 0              ; 0              ; 0               ; 0                ; 0                 ; 0            ; 0              ; 0                   ; 0                    ; 0                ; 0              ; 0             ; 1              ; 0               ; 0               ; 0                    ; 0                      ; 0              ; 0              ; 0              ; 0               ; 0                  ; 0                ; 1                 ;
; next_state.JR          ; 0                  ; 0                  ; 0               ; 0              ; 0              ; 0              ; 0              ; 0              ; 0               ; 0                ; 0                 ; 0            ; 0              ; 0                   ; 0                    ; 0                ; 0              ; 1             ; 0              ; 0               ; 0               ; 0                    ; 0                      ; 0              ; 0              ; 0              ; 0               ; 0                  ; 0                ; 1                 ;
; next_state.RTE         ; 0                  ; 0                  ; 0               ; 0              ; 0              ; 0              ; 0              ; 0              ; 0               ; 0                ; 0                 ; 0            ; 0              ; 0                   ; 0                    ; 0                ; 1              ; 0             ; 0              ; 0               ; 0               ; 0                    ; 0                      ; 0              ; 0              ; 0              ; 0               ; 0                  ; 0                ; 1                 ;
; next_state.BREAK       ; 0                  ; 0                  ; 0               ; 0              ; 0              ; 0              ; 0              ; 0              ; 0               ; 0                ; 0                 ; 0            ; 0              ; 0                   ; 0                    ; 1                ; 0              ; 0             ; 0              ; 0               ; 0               ; 0                    ; 0                      ; 0              ; 0              ; 0              ; 0               ; 0                  ; 0                ; 1                 ;
; next_state.MULT_LOAD   ; 0                  ; 0                  ; 0               ; 0              ; 0              ; 0              ; 0              ; 0              ; 0               ; 0                ; 0                 ; 0            ; 0              ; 0                   ; 1                    ; 0                ; 0              ; 0             ; 0              ; 0               ; 0               ; 0                    ; 0                      ; 0              ; 0              ; 0              ; 0               ; 0                  ; 0                ; 1                 ;
; next_state.DIV_LOAD    ; 0                  ; 0                  ; 0               ; 0              ; 0              ; 0              ; 0              ; 0              ; 0               ; 0                ; 0                 ; 0            ; 0              ; 1                   ; 0                    ; 0                ; 0              ; 0             ; 0              ; 0               ; 0               ; 0                    ; 0                      ; 0              ; 0              ; 0              ; 0               ; 0                  ; 0                ; 1                 ;
; next_state.JAL         ; 0                  ; 0                  ; 0               ; 0              ; 0              ; 0              ; 0              ; 0              ; 0               ; 0                ; 0                 ; 0            ; 1              ; 0                   ; 0                    ; 0                ; 0              ; 0             ; 0              ; 0               ; 0               ; 0                    ; 0                      ; 0              ; 0              ; 0              ; 0               ; 0                  ; 0                ; 1                 ;
; next_state.J           ; 0                  ; 0                  ; 0               ; 0              ; 0              ; 0              ; 0              ; 0              ; 0               ; 0                ; 0                 ; 1            ; 0              ; 0                   ; 0                    ; 0                ; 0              ; 0             ; 0              ; 0               ; 0               ; 0                    ; 0                      ; 0              ; 0              ; 0              ; 0               ; 0                  ; 0                ; 1                 ;
; next_state.INCDEC      ; 0                  ; 0                  ; 0               ; 0              ; 0              ; 0              ; 0              ; 0              ; 0               ; 0                ; 1                 ; 0            ; 0              ; 0                   ; 0                    ; 0                ; 0              ; 0             ; 0              ; 0               ; 0               ; 0                    ; 0                      ; 0              ; 0              ; 0              ; 0               ; 0                  ; 0                ; 1                 ;
; next_state.ADDIU       ; 0                  ; 0                  ; 0               ; 0              ; 0              ; 0              ; 0              ; 0              ; 0               ; 1                ; 0                 ; 0            ; 0              ; 0                   ; 0                    ; 0                ; 0              ; 0             ; 0              ; 0               ; 0               ; 0                    ; 0                      ; 0              ; 0              ; 0              ; 0               ; 0                  ; 0                ; 1                 ;
; next_state.ADDI        ; 0                  ; 0                  ; 0               ; 0              ; 0              ; 0              ; 0              ; 0              ; 1               ; 0                ; 0                 ; 0            ; 0              ; 0                   ; 0                    ; 0                ; 0              ; 0             ; 0              ; 0               ; 0               ; 0                    ; 0                      ; 0              ; 0              ; 0              ; 0               ; 0                  ; 0                ; 1                 ;
; next_state.BEQ         ; 0                  ; 0                  ; 0               ; 0              ; 0              ; 0              ; 0              ; 1              ; 0               ; 0                ; 0                 ; 0            ; 0              ; 0                   ; 0                    ; 0                ; 0              ; 0             ; 0              ; 0               ; 0               ; 0                    ; 0                      ; 0              ; 0              ; 0              ; 0               ; 0                  ; 0                ; 1                 ;
; next_state.BNE         ; 0                  ; 0                  ; 0               ; 0              ; 0              ; 0              ; 1              ; 0              ; 0               ; 0                ; 0                 ; 0            ; 0              ; 0                   ; 0                    ; 0                ; 0              ; 0             ; 0              ; 0               ; 0               ; 0                    ; 0                      ; 0              ; 0              ; 0              ; 0               ; 0                  ; 0                ; 1                 ;
; next_state.BLE         ; 0                  ; 0                  ; 0               ; 0              ; 0              ; 1              ; 0              ; 0              ; 0               ; 0                ; 0                 ; 0            ; 0              ; 0                   ; 0                    ; 0                ; 0              ; 0             ; 0              ; 0               ; 0               ; 0                    ; 0                      ; 0              ; 0              ; 0              ; 0               ; 0                  ; 0                ; 1                 ;
; next_state.BGT         ; 0                  ; 0                  ; 0               ; 0              ; 1              ; 0              ; 0              ; 0              ; 0               ; 0                ; 0                 ; 0            ; 0              ; 0                   ; 0                    ; 0                ; 0              ; 0             ; 0              ; 0               ; 0               ; 0                    ; 0                      ; 0              ; 0              ; 0              ; 0               ; 0                  ; 0                ; 1                 ;
; next_state.LUI         ; 0                  ; 0                  ; 0               ; 1              ; 0              ; 0              ; 0              ; 0              ; 0               ; 0                ; 0                 ; 0            ; 0              ; 0                   ; 0                    ; 0                ; 0              ; 0             ; 0              ; 0               ; 0               ; 0                    ; 0                      ; 0              ; 0              ; 0              ; 0               ; 0                  ; 0                ; 1                 ;
; next_state.SLTI        ; 0                  ; 0                  ; 1               ; 0              ; 0              ; 0              ; 0              ; 0              ; 0               ; 0                ; 0                 ; 0            ; 0              ; 0                   ; 0                    ; 0                ; 0              ; 0             ; 0              ; 0               ; 0               ; 0                    ; 0                      ; 0              ; 0              ; 0              ; 0               ; 0                  ; 0                ; 1                 ;
; next_state.LS_CALC     ; 0                  ; 1                  ; 0               ; 0              ; 0              ; 0              ; 0              ; 0              ; 0               ; 0                ; 0                 ; 0            ; 0              ; 0                   ; 0                    ; 0                ; 0              ; 0             ; 0              ; 0               ; 0               ; 0                    ; 0                      ; 0              ; 0              ; 0              ; 0               ; 0                  ; 0                ; 1                 ;
; next_state.NOPCODE     ; 1                  ; 0                  ; 0               ; 0              ; 0              ; 0              ; 0              ; 0              ; 0               ; 0                ; 0                 ; 0            ; 0              ; 0                   ; 0                    ; 0                ; 0              ; 0             ; 0              ; 0               ; 0               ; 0                    ; 0                      ; 0              ; 0              ; 0              ; 0               ; 0                  ; 0                ; 1                 ;
+------------------------+--------------------+--------------------+-----------------+----------------+----------------+----------------+----------------+----------------+-----------------+------------------+-------------------+--------------+----------------+---------------------+----------------------+------------------+----------------+---------------+----------------+-----------------+-----------------+----------------------+------------------------+----------------+----------------+----------------+-----------------+--------------------+------------------+-------------------+


Encoding Type:  One-Hot
+------------------------------------------------------------------------------------------------------------------------------------------------------------------------------------------------------------------------------------------------------------------------------------------------------------------------------------------------------------------------------------------------------------------------------------------------+
; State Machine - |Control_Unit|state                                                                                                                                                                                                                                                                                                                                                                                                            ;
+-------------------+---------------+---------------+------------+-----------+-----------+-----------+-----------+-----------+------------+-------------+--------------+---------+-----------+----------------+-----------------+-------------+-----------+----------+-----------+------------+------------+-----------------+-------------------+-----------+-----------+-----------+------------+---------------+-------------+----------------+
; Name              ; state.NOPCODE ; state.LS_CALC ; state.SLTI ; state.LUI ; state.BGT ; state.BLE ; state.BNE ; state.BEQ ; state.ADDI ; state.ADDIU ; state.INCDEC ; state.J ; state.JAL ; state.DIV_LOAD ; state.MULT_LOAD ; state.BREAK ; state.RTE ; state.JR ; state.SLT ; state.MFLO ; state.MFHI ; state.SHIFT_REG ; state.SHIFT_SHAMT ; state.SUB ; state.AND ; state.ADD ; state.WAIT ; state.FETCH_2 ; state.FETCH ; state.00000000 ;
+-------------------+---------------+---------------+------------+-----------+-----------+-----------+-----------+-----------+------------+-------------+--------------+---------+-----------+----------------+-----------------+-------------+-----------+----------+-----------+------------+------------+-----------------+-------------------+-----------+-----------+-----------+------------+---------------+-------------+----------------+
; state.00000000    ; 0             ; 0             ; 0          ; 0         ; 0         ; 0         ; 0         ; 0         ; 0          ; 0           ; 0            ; 0       ; 0         ; 0              ; 0               ; 0           ; 0         ; 0        ; 0         ; 0          ; 0          ; 0               ; 0                 ; 0         ; 0         ; 0         ; 0          ; 0             ; 0           ; 0              ;
; state.FETCH       ; 0             ; 0             ; 0          ; 0         ; 0         ; 0         ; 0         ; 0         ; 0          ; 0           ; 0            ; 0       ; 0         ; 0              ; 0               ; 0           ; 0         ; 0        ; 0         ; 0          ; 0          ; 0               ; 0                 ; 0         ; 0         ; 0         ; 0          ; 0             ; 1           ; 1              ;
; state.FETCH_2     ; 0             ; 0             ; 0          ; 0         ; 0         ; 0         ; 0         ; 0         ; 0          ; 0           ; 0            ; 0       ; 0         ; 0              ; 0               ; 0           ; 0         ; 0        ; 0         ; 0          ; 0          ; 0               ; 0                 ; 0         ; 0         ; 0         ; 0          ; 1             ; 0           ; 1              ;
; state.WAIT        ; 0             ; 0             ; 0          ; 0         ; 0         ; 0         ; 0         ; 0         ; 0          ; 0           ; 0            ; 0       ; 0         ; 0              ; 0               ; 0           ; 0         ; 0        ; 0         ; 0          ; 0          ; 0               ; 0                 ; 0         ; 0         ; 0         ; 1          ; 0             ; 0           ; 1              ;
; state.ADD         ; 0             ; 0             ; 0          ; 0         ; 0         ; 0         ; 0         ; 0         ; 0          ; 0           ; 0            ; 0       ; 0         ; 0              ; 0               ; 0           ; 0         ; 0        ; 0         ; 0          ; 0          ; 0               ; 0                 ; 0         ; 0         ; 1         ; 0          ; 0             ; 0           ; 1              ;
; state.AND         ; 0             ; 0             ; 0          ; 0         ; 0         ; 0         ; 0         ; 0         ; 0          ; 0           ; 0            ; 0       ; 0         ; 0              ; 0               ; 0           ; 0         ; 0        ; 0         ; 0          ; 0          ; 0               ; 0                 ; 0         ; 1         ; 0         ; 0          ; 0             ; 0           ; 1              ;
; state.SUB         ; 0             ; 0             ; 0          ; 0         ; 0         ; 0         ; 0         ; 0         ; 0          ; 0           ; 0            ; 0       ; 0         ; 0              ; 0               ; 0           ; 0         ; 0        ; 0         ; 0          ; 0          ; 0               ; 0                 ; 1         ; 0         ; 0         ; 0          ; 0             ; 0           ; 1              ;
; state.SHIFT_SHAMT ; 0             ; 0             ; 0          ; 0         ; 0         ; 0         ; 0         ; 0         ; 0          ; 0           ; 0            ; 0       ; 0         ; 0              ; 0               ; 0           ; 0         ; 0        ; 0         ; 0          ; 0          ; 0               ; 1                 ; 0         ; 0         ; 0         ; 0          ; 0             ; 0           ; 1              ;
; state.SHIFT_REG   ; 0             ; 0             ; 0          ; 0         ; 0         ; 0         ; 0         ; 0         ; 0          ; 0           ; 0            ; 0       ; 0         ; 0              ; 0               ; 0           ; 0         ; 0        ; 0         ; 0          ; 0          ; 1               ; 0                 ; 0         ; 0         ; 0         ; 0          ; 0             ; 0           ; 1              ;
; state.MFHI        ; 0             ; 0             ; 0          ; 0         ; 0         ; 0         ; 0         ; 0         ; 0          ; 0           ; 0            ; 0       ; 0         ; 0              ; 0               ; 0           ; 0         ; 0        ; 0         ; 0          ; 1          ; 0               ; 0                 ; 0         ; 0         ; 0         ; 0          ; 0             ; 0           ; 1              ;
; state.MFLO        ; 0             ; 0             ; 0          ; 0         ; 0         ; 0         ; 0         ; 0         ; 0          ; 0           ; 0            ; 0       ; 0         ; 0              ; 0               ; 0           ; 0         ; 0        ; 0         ; 1          ; 0          ; 0               ; 0                 ; 0         ; 0         ; 0         ; 0          ; 0             ; 0           ; 1              ;
; state.SLT         ; 0             ; 0             ; 0          ; 0         ; 0         ; 0         ; 0         ; 0         ; 0          ; 0           ; 0            ; 0       ; 0         ; 0              ; 0               ; 0           ; 0         ; 0        ; 1         ; 0          ; 0          ; 0               ; 0                 ; 0         ; 0         ; 0         ; 0          ; 0             ; 0           ; 1              ;
; state.JR          ; 0             ; 0             ; 0          ; 0         ; 0         ; 0         ; 0         ; 0         ; 0          ; 0           ; 0            ; 0       ; 0         ; 0              ; 0               ; 0           ; 0         ; 1        ; 0         ; 0          ; 0          ; 0               ; 0                 ; 0         ; 0         ; 0         ; 0          ; 0             ; 0           ; 1              ;
; state.RTE         ; 0             ; 0             ; 0          ; 0         ; 0         ; 0         ; 0         ; 0         ; 0          ; 0           ; 0            ; 0       ; 0         ; 0              ; 0               ; 0           ; 1         ; 0        ; 0         ; 0          ; 0          ; 0               ; 0                 ; 0         ; 0         ; 0         ; 0          ; 0             ; 0           ; 1              ;
; state.BREAK       ; 0             ; 0             ; 0          ; 0         ; 0         ; 0         ; 0         ; 0         ; 0          ; 0           ; 0            ; 0       ; 0         ; 0              ; 0               ; 1           ; 0         ; 0        ; 0         ; 0          ; 0          ; 0               ; 0                 ; 0         ; 0         ; 0         ; 0          ; 0             ; 0           ; 1              ;
; state.MULT_LOAD   ; 0             ; 0             ; 0          ; 0         ; 0         ; 0         ; 0         ; 0         ; 0          ; 0           ; 0            ; 0       ; 0         ; 0              ; 1               ; 0           ; 0         ; 0        ; 0         ; 0          ; 0          ; 0               ; 0                 ; 0         ; 0         ; 0         ; 0          ; 0             ; 0           ; 1              ;
; state.DIV_LOAD    ; 0             ; 0             ; 0          ; 0         ; 0         ; 0         ; 0         ; 0         ; 0          ; 0           ; 0            ; 0       ; 0         ; 1              ; 0               ; 0           ; 0         ; 0        ; 0         ; 0          ; 0          ; 0               ; 0                 ; 0         ; 0         ; 0         ; 0          ; 0             ; 0           ; 1              ;
; state.JAL         ; 0             ; 0             ; 0          ; 0         ; 0         ; 0         ; 0         ; 0         ; 0          ; 0           ; 0            ; 0       ; 1         ; 0              ; 0               ; 0           ; 0         ; 0        ; 0         ; 0          ; 0          ; 0               ; 0                 ; 0         ; 0         ; 0         ; 0          ; 0             ; 0           ; 1              ;
; state.J           ; 0             ; 0             ; 0          ; 0         ; 0         ; 0         ; 0         ; 0         ; 0          ; 0           ; 0            ; 1       ; 0         ; 0              ; 0               ; 0           ; 0         ; 0        ; 0         ; 0          ; 0          ; 0               ; 0                 ; 0         ; 0         ; 0         ; 0          ; 0             ; 0           ; 1              ;
; state.INCDEC      ; 0             ; 0             ; 0          ; 0         ; 0         ; 0         ; 0         ; 0         ; 0          ; 0           ; 1            ; 0       ; 0         ; 0              ; 0               ; 0           ; 0         ; 0        ; 0         ; 0          ; 0          ; 0               ; 0                 ; 0         ; 0         ; 0         ; 0          ; 0             ; 0           ; 1              ;
; state.ADDIU       ; 0             ; 0             ; 0          ; 0         ; 0         ; 0         ; 0         ; 0         ; 0          ; 1           ; 0            ; 0       ; 0         ; 0              ; 0               ; 0           ; 0         ; 0        ; 0         ; 0          ; 0          ; 0               ; 0                 ; 0         ; 0         ; 0         ; 0          ; 0             ; 0           ; 1              ;
; state.ADDI        ; 0             ; 0             ; 0          ; 0         ; 0         ; 0         ; 0         ; 0         ; 1          ; 0           ; 0            ; 0       ; 0         ; 0              ; 0               ; 0           ; 0         ; 0        ; 0         ; 0          ; 0          ; 0               ; 0                 ; 0         ; 0         ; 0         ; 0          ; 0             ; 0           ; 1              ;
; state.BEQ         ; 0             ; 0             ; 0          ; 0         ; 0         ; 0         ; 0         ; 1         ; 0          ; 0           ; 0            ; 0       ; 0         ; 0              ; 0               ; 0           ; 0         ; 0        ; 0         ; 0          ; 0          ; 0               ; 0                 ; 0         ; 0         ; 0         ; 0          ; 0             ; 0           ; 1              ;
; state.BNE         ; 0             ; 0             ; 0          ; 0         ; 0         ; 0         ; 1         ; 0         ; 0          ; 0           ; 0            ; 0       ; 0         ; 0              ; 0               ; 0           ; 0         ; 0        ; 0         ; 0          ; 0          ; 0               ; 0                 ; 0         ; 0         ; 0         ; 0          ; 0             ; 0           ; 1              ;
; state.BLE         ; 0             ; 0             ; 0          ; 0         ; 0         ; 1         ; 0         ; 0         ; 0          ; 0           ; 0            ; 0       ; 0         ; 0              ; 0               ; 0           ; 0         ; 0        ; 0         ; 0          ; 0          ; 0               ; 0                 ; 0         ; 0         ; 0         ; 0          ; 0             ; 0           ; 1              ;
; state.BGT         ; 0             ; 0             ; 0          ; 0         ; 1         ; 0         ; 0         ; 0         ; 0          ; 0           ; 0            ; 0       ; 0         ; 0              ; 0               ; 0           ; 0         ; 0        ; 0         ; 0          ; 0          ; 0               ; 0                 ; 0         ; 0         ; 0         ; 0          ; 0             ; 0           ; 1              ;
; state.LUI         ; 0             ; 0             ; 0          ; 1         ; 0         ; 0         ; 0         ; 0         ; 0          ; 0           ; 0            ; 0       ; 0         ; 0              ; 0               ; 0           ; 0         ; 0        ; 0         ; 0          ; 0          ; 0               ; 0                 ; 0         ; 0         ; 0         ; 0          ; 0             ; 0           ; 1              ;
; state.SLTI        ; 0             ; 0             ; 1          ; 0         ; 0         ; 0         ; 0         ; 0         ; 0          ; 0           ; 0            ; 0       ; 0         ; 0              ; 0               ; 0           ; 0         ; 0        ; 0         ; 0          ; 0          ; 0               ; 0                 ; 0         ; 0         ; 0         ; 0          ; 0             ; 0           ; 1              ;
; state.LS_CALC     ; 0             ; 1             ; 0          ; 0         ; 0         ; 0         ; 0         ; 0         ; 0          ; 0           ; 0            ; 0       ; 0         ; 0              ; 0               ; 0           ; 0         ; 0        ; 0         ; 0          ; 0          ; 0               ; 0                 ; 0         ; 0         ; 0         ; 0          ; 0             ; 0           ; 1              ;
; state.NOPCODE     ; 1             ; 0             ; 0          ; 0         ; 0         ; 0         ; 0         ; 0         ; 0          ; 0           ; 0            ; 0       ; 0         ; 0              ; 0               ; 0           ; 0         ; 0        ; 0         ; 0          ; 0          ; 0               ; 0                 ; 0         ; 0         ; 0         ; 0          ; 0             ; 0           ; 1              ;
+-------------------+---------------+---------------+------------+-----------+-----------+-----------+-----------+-----------+------------+-------------+--------------+---------+-----------+----------------+-----------------+-------------+-----------+----------+-----------+------------+------------+-----------------+-------------------+-----------+-----------+-----------+------------+---------------+-------------+----------------+


+----------------------------------------------------------------------------------+
; Registers Removed During Synthesis                                               ;
+-----------------------------------------+----------------------------------------+
; Register name                           ; Reason for Removal                     ;
+-----------------------------------------+----------------------------------------+
; XCH_CONTROL~reg0                        ; Stuck at GND due to stuck port data_in ;
; REG_B~reg0                              ; Stuck at GND due to stuck port data_in ;
; REG_A~reg0                              ; Stuck at GND due to stuck port data_in ;
; LOAD_SIZE~reg0                          ; Stuck at GND due to stuck port data_in ;
; MDR_CONTROL~reg0                        ; Stuck at GND due to stuck port data_in ;
; EPC_CONTROL~reg0                        ; Stuck at GND due to stuck port data_in ;
; hi_lo~reg0                              ; Stuck at GND due to stuck port data_in ;
; mult_div[0]~reg0                        ; Stuck at GND due to stuck port data_in ;
; mult_div[1]~reg0                        ; Stuck at GND due to stuck port data_in ;
; mem_write~reg0                          ; Stuck at GND due to stuck port data_in ;
; ss_control~reg0                         ; Stuck at GND due to stuck port data_in ;
; shift_control~reg0                      ; Stuck at GND due to stuck port data_in ;
; mux_11[0]~reg0                          ; Stuck at GND due to stuck port data_in ;
; mux_11[1]~reg0                          ; Stuck at GND due to stuck port data_in ;
; mux_10[0]~reg0                          ; Stuck at GND due to stuck port data_in ;
; mux_10[1]~reg0                          ; Stuck at GND due to stuck port data_in ;
; mux_10[2]~reg0                          ; Stuck at GND due to stuck port data_in ;
; mux_9[1]~reg0                           ; Stuck at GND due to stuck port data_in ;
; mux_9[2]~reg0                           ; Stuck at GND due to stuck port data_in ;
; mux_8[0]~reg0                           ; Stuck at GND due to stuck port data_in ;
; mux_8[1]~reg0                           ; Stuck at GND due to stuck port data_in ;
; mux_7[3]~reg0                           ; Stuck at GND due to stuck port data_in ;
; mux_6[0]~reg0                           ; Stuck at GND due to stuck port data_in ;
; mux_6[1]~reg0                           ; Stuck at GND due to stuck port data_in ;
; mux_4~reg0                              ; Stuck at GND due to stuck port data_in ;
; mux_3~reg0                              ; Stuck at GND due to stuck port data_in ;
; mux_2[0]~reg0                           ; Stuck at GND due to stuck port data_in ;
; mux_2[1]~reg0                           ; Stuck at GND due to stuck port data_in ;
; mux_1[0]~reg0                           ; Stuck at GND due to stuck port data_in ;
; mux_1[1]~reg0                           ; Stuck at GND due to stuck port data_in ;
; mux_6[2]~reg0                           ; Merged with REG_WRITE~reg0             ;
; mux_7[2]~reg0                           ; Merged with REG_WRITE~reg0             ;
; mux_7[0]~reg0                           ; Merged with REG_WRITE~reg0             ;
; mux_7[1]~reg0                           ; Merged with REG_WRITE~reg0             ;
; mux_9[0]~reg0                           ; Merged with ALU_CONTROL~reg0           ;
; ALU_OUT~reg0                            ; Stuck at GND due to stuck port data_in ;
; state.ADD                               ; Lost fanout                            ;
; state.AND                               ; Lost fanout                            ;
; state.SUB                               ; Lost fanout                            ;
; state.SHIFT_SHAMT                       ; Lost fanout                            ;
; state.SHIFT_REG                         ; Lost fanout                            ;
; state.MFHI                              ; Lost fanout                            ;
; state.MFLO                              ; Lost fanout                            ;
; state.SLT                               ; Lost fanout                            ;
; state.JR                                ; Lost fanout                            ;
; state.RTE                               ; Lost fanout                            ;
; state.BREAK                             ; Lost fanout                            ;
; state.MULT_LOAD                         ; Lost fanout                            ;
; state.DIV_LOAD                          ; Lost fanout                            ;
; state.JAL                               ; Lost fanout                            ;
; state.J                                 ; Lost fanout                            ;
; state.INCDEC                            ; Lost fanout                            ;
; state.ADDIU                             ; Lost fanout                            ;
; state.ADDI                              ; Lost fanout                            ;
; state.BEQ                               ; Lost fanout                            ;
; state.BNE                               ; Lost fanout                            ;
; state.BLE                               ; Lost fanout                            ;
; state.BGT                               ; Lost fanout                            ;
; state.LUI                               ; Lost fanout                            ;
; state.SLTI                              ; Lost fanout                            ;
; state.LS_CALC                           ; Lost fanout                            ;
; state.NOPCODE                           ; Lost fanout                            ;
; next_state~19                           ; Lost fanout                            ;
; next_state~20                           ; Lost fanout                            ;
; next_state~21                           ; Lost fanout                            ;
; next_state~22                           ; Lost fanout                            ;
; next_state~23                           ; Lost fanout                            ;
; next_state~24                           ; Lost fanout                            ;
; state~4                                 ; Lost fanout                            ;
; state~5                                 ; Lost fanout                            ;
; state~6                                 ; Lost fanout                            ;
; state~7                                 ; Lost fanout                            ;
; state~8                                 ; Lost fanout                            ;
; state~9                                 ; Lost fanout                            ;
; state~10                                ; Lost fanout                            ;
; state~11                                ; Lost fanout                            ;
; next_state.ADD                          ; Lost fanout                            ;
; next_state.AND                          ; Lost fanout                            ;
; next_state.SUB                          ; Lost fanout                            ;
; next_state.SHIFT_SHAMT                  ; Lost fanout                            ;
; next_state.SHIFT_REG                    ; Lost fanout                            ;
; next_state.MFHI                         ; Lost fanout                            ;
; next_state.MFLO                         ; Lost fanout                            ;
; next_state.SLT                          ; Lost fanout                            ;
; next_state.JR                           ; Lost fanout                            ;
; next_state.RTE                          ; Lost fanout                            ;
; next_state.BREAK                        ; Lost fanout                            ;
; next_state.MULT_LOAD                    ; Lost fanout                            ;
; next_state.DIV_LOAD                     ; Lost fanout                            ;
; next_state.JAL                          ; Lost fanout                            ;
; next_state.J                            ; Lost fanout                            ;
; next_state.INCDEC                       ; Lost fanout                            ;
; next_state.ADDIU                        ; Lost fanout                            ;
; next_state.ADDI                         ; Lost fanout                            ;
; next_state.BEQ                          ; Lost fanout                            ;
; next_state.BNE                          ; Lost fanout                            ;
; next_state.BLE                          ; Lost fanout                            ;
; next_state.BGT                          ; Lost fanout                            ;
; next_state.LUI                          ; Lost fanout                            ;
; next_state.SLTI                         ; Lost fanout                            ;
; next_state.LS_CALC                      ; Lost fanout                            ;
; next_state.NOPCODE                      ; Lost fanout                            ;
; next_state.FETCH                        ; Merged with REG_WRITE~reg0             ;
; next_state.FETCH_2                      ; Merged with ALU_CONTROL~reg0           ;
; Total Number of Removed Registers = 104 ;                                        ;
+-----------------------------------------+----------------------------------------+


+------------------------------------------------------+
; General Register Statistics                          ;
+----------------------------------------------+-------+
; Statistic                                    ; Value ;
+----------------------------------------------+-------+
; Total registers                              ; 10    ;
; Number of registers using Synchronous Clear  ; 0     ;
; Number of registers using Synchronous Load   ; 0     ;
; Number of registers using Asynchronous Clear ; 4     ;
; Number of registers using Asynchronous Load  ; 0     ;
; Number of registers using Clock Enable       ; 2     ;
; Number of registers using Preset             ; 0     ;
+----------------------------------------------+-------+


+------------------------------------------------------------------------------------------------------------------------------------------+
; Multiplexer Restructuring Statistics (Restructuring Performed)                                                                           ;
+--------------------+-----------+---------------+----------------------+------------------------+------------+----------------------------+
; Multiplexer Inputs ; Bus Width ; Baseline Area ; Area if Restructured ; Saving if Restructured ; Registered ; Example Multiplexer Output ;
+--------------------+-----------+---------------+----------------------+------------------------+------------+----------------------------+
; 65:1               ; 13 bits   ; 559 ALUTs     ; 143 ALUTs            ; 416 ALUTs              ; No         ; |Control_Unit|next_state   ;
; 65:1               ; 13 bits   ; 559 ALUTs     ; 208 ALUTs            ; 351 ALUTs              ; No         ; |Control_Unit|Selector13   ;
+--------------------+-----------+---------------+----------------------+------------------------+------------+----------------------------+


+------------------------------------------------------------------------------+
; Parameter Settings for User Entity Instance: Top-level Entity: |Control_Unit ;
+----------------+--------+----------------------------------------------------+
; Parameter Name ; Value  ; Type                                               ;
+----------------+--------+----------------------------------------------------+
; RESET          ; 000000 ; Unsigned Binary                                    ;
; FETCH          ; 000001 ; Unsigned Binary                                    ;
; FETCH_2        ; 000010 ; Unsigned Binary                                    ;
; WAIT           ; 000011 ; Unsigned Binary                                    ;
; DECODE         ; 000011 ; Unsigned Binary                                    ;
; ADD            ; 000100 ; Unsigned Binary                                    ;
; AND            ; 000101 ; Unsigned Binary                                    ;
; SUB            ; 000110 ; Unsigned Binary                                    ;
; WRITERD_ARIT   ; 000111 ; Unsigned Binary                                    ;
; SHIFT_SHAMT    ; 001000 ; Unsigned Binary                                    ;
; SLL            ; 001001 ; Unsigned Binary                                    ;
; SRA            ; 001010 ; Unsigned Binary                                    ;
; SRL            ; 001011 ; Unsigned Binary                                    ;
; SHIFT_REG      ; 001100 ; Unsigned Binary                                    ;
; SLLV           ; 001101 ; Unsigned Binary                                    ;
; SRAV           ; 001110 ; Unsigned Binary                                    ;
; WRITERD_SHIFT  ; 001111 ; Unsigned Binary                                    ;
; MFHI           ; 010000 ; Unsigned Binary                                    ;
; MFLO           ; 010001 ; Unsigned Binary                                    ;
; SLT            ; 010010 ; Unsigned Binary                                    ;
; JR             ; 010011 ; Unsigned Binary                                    ;
; RTE            ; 010100 ; Unsigned Binary                                    ;
; BREAK          ; 010101 ; Unsigned Binary                                    ;
; MULT_LOAD      ; 010110 ; Unsigned Binary                                    ;
; MULT_CALC      ; 010111 ; Unsigned Binary                                    ;
; MULT_RESULT    ; 011000 ; Unsigned Binary                                    ;
; DIV_LOAD       ; 011001 ; Unsigned Binary                                    ;
; DIV_CALC       ; 011010 ; Unsigned Binary                                    ;
; DIV_RESULT     ; 011011 ; Unsigned Binary                                    ;
; JAL            ; 011100 ; Unsigned Binary                                    ;
; RETURN_ADDRESS ; 011101 ; Unsigned Binary                                    ;
; J              ; 011110 ; Unsigned Binary                                    ;
; INCDEC         ; 011111 ; Unsigned Binary                                    ;
; INCDEC_WAIT    ; 100000 ; Unsigned Binary                                    ;
; DEC_OP         ; 100001 ; Unsigned Binary                                    ;
; INC_OP         ; 100010 ; Unsigned Binary                                    ;
; INCDEC_ST      ; 100011 ; Unsigned Binary                                    ;
; ADDIU          ; 100100 ; Unsigned Binary                                    ;
; ADDI           ; 100101 ; Unsigned Binary                                    ;
; BEQ            ; 100111 ; Unsigned Binary                                    ;
; BNE            ; 101000 ; Unsigned Binary                                    ;
; BLE            ; 101001 ; Unsigned Binary                                    ;
; BGT            ; 101010 ; Unsigned Binary                                    ;
; LUI            ; 101011 ; Unsigned Binary                                    ;
; SLTI           ; 101100 ; Unsigned Binary                                    ;
; LS_CALC        ; 101101 ; Unsigned Binary                                    ;
; LS_START       ; 101110 ; Unsigned Binary                                    ;
; LS_WAIT        ; 101111 ; Unsigned Binary                                    ;
; SB_END         ; 110000 ; Unsigned Binary                                    ;
; SH_END         ; 110001 ; Unsigned Binary                                    ;
; SW_END         ; 110010 ; Unsigned Binary                                    ;
; LB_END         ; 110011 ; Unsigned Binary                                    ;
; LH_END         ; 110100 ; Unsigned Binary                                    ;
; LW_END         ; 110101 ; Unsigned Binary                                    ;
; OVERFLOW       ; 110110 ; Unsigned Binary                                    ;
; DIVZERO        ; 110111 ; Unsigned Binary                                    ;
; NOPCODE        ; 111000 ; Unsigned Binary                                    ;
; EXP_WAIT       ; 111001 ; Unsigned Binary                                    ;
; EXP_WRITE      ; 111010 ; Unsigned Binary                                    ;
; WAIT_2         ; 111011 ; Unsigned Binary                                    ;
; INCDEC_WAIT_2  ; 111100 ; Unsigned Binary                                    ;
; LS_WAIT_2      ; 111101 ; Unsigned Binary                                    ;
; EXP_WAIT_2     ; 111110 ; Unsigned Binary                                    ;
+----------------+--------+----------------------------------------------------+
Note: In order to hide this table in the UI and the text report file, please set the "Show Parameter Settings Tables in Synthesis Report" option in "Analysis and Synthesis Settings -> More Settings" to "Off".


+-------------------------------+
; Analysis & Synthesis Messages ;
+-------------------------------+
Info: *******************************************************************
Info: Running Quartus II Analysis & Synthesis
    Info: Version 9.1 Build 350 03/24/2010 Service Pack 2 SJ Web Edition
    Info: Processing started: Mon Oct 14 21:08:34 2019
Info: Command: quartus_map --read_settings_files=on --write_settings_files=off DedoNoQuartusEGritaria -c DedoNoQuartusEGritaria
Info: Found 1 design units, including 1 entities, in source file control_unit.v
    Info: Found entity 1: Control_Unit
Info: Found 1 design units, including 1 entities, in source file mux10.v
    Info: Found entity 1: mux10
Info: Found 2 design units, including 1 entities, in source file banco_reg.vhd
    Info: Found design unit 1: Banco_reg-behavioral_arch
    Info: Found entity 1: Banco_reg
Info: Found 2 design units, including 1 entities, in source file instr_reg.vhd
    Info: Found design unit 1: Instr_Reg-behavioral_arch
    Info: Found entity 1: Instr_Reg
Info: Found 3 design units, including 1 entities, in source file memoria.vhd
    Info: Found design unit 1: ram_constants
    Info: Found design unit 2: Memoria-behavioral_arch
    Info: Found entity 1: Memoria
Info: Found 2 design units, including 1 entities, in source file regdesloc.vhd
    Info: Found design unit 1: RegDesloc-behavioral_arch
    Info: Found entity 1: RegDesloc
Info: Found 2 design units, including 1 entities, in source file registrador.vhd
    Info: Found design unit 1: Registrador-behavioral_arch
    Info: Found entity 1: Registrador
Info: Found 1 design units, including 1 entities, in source file uc.v
    Info: Found entity 1: uc
Info: Found 2 design units, including 1 entities, in source file ula32.vhd
    Info: Found design unit 1: Ula32-behavioral
    Info: Found entity 1: Ula32
Info: Found 1 design units, including 1 entities, in source file mux8.v
    Info: Found entity 1: mux8
Info: Found 1 design units, including 1 entities, in source file mux9.v
    Info: Found entity 1: mux9
Info: Found 1 design units, including 1 entities, in source file mux2.v
    Info: Found entity 1: mux2
Info: Found 1 design units, including 1 entities, in source file mux6.v
    Info: Found entity 1: mux6
Info: Found 1 design units, including 1 entities, in source file mux7.v
    Info: Found entity 1: mux7
Info: Found 1 design units, including 1 entities, in source file processador.bdf
    Info: Found entity 1: Processador
Info: Elaborating entity "Control_Unit" for the top level hierarchy
Warning (10036): Verilog HDL or VHDL warning at Control_Unit.v(41): object "counter" assigned a value but never read
Warning (10036): Verilog HDL or VHDL warning at Control_Unit.v(44): object "stateOverflow" assigned a value but never read
Warning (10230): Verilog HDL assignment warning at Control_Unit.v(148): truncated value with size 3 to match size of target (1)
Warning (10230): Verilog HDL assignment warning at Control_Unit.v(150): truncated value with size 2 to match size of target (1)
Warning (10230): Verilog HDL assignment warning at Control_Unit.v(151): truncated value with size 2 to match size of target (1)
Warning (10230): Verilog HDL assignment warning at Control_Unit.v(178): truncated value with size 3 to match size of target (1)
Warning (10230): Verilog HDL assignment warning at Control_Unit.v(180): truncated value with size 2 to match size of target (1)
Warning (10230): Verilog HDL assignment warning at Control_Unit.v(181): truncated value with size 2 to match size of target (1)
Warning (10230): Verilog HDL assignment warning at Control_Unit.v(208): truncated value with size 3 to match size of target (1)
Warning (10230): Verilog HDL assignment warning at Control_Unit.v(210): truncated value with size 2 to match size of target (1)
Warning (10230): Verilog HDL assignment warning at Control_Unit.v(211): truncated value with size 2 to match size of target (1)
Warning (10230): Verilog HDL assignment warning at Control_Unit.v(238): truncated value with size 3 to match size of target (1)
Warning (10230): Verilog HDL assignment warning at Control_Unit.v(240): truncated value with size 2 to match size of target (1)
Warning (10230): Verilog HDL assignment warning at Control_Unit.v(268): truncated value with size 3 to match size of target (1)
Warning (10230): Verilog HDL assignment warning at Control_Unit.v(272): truncated value with size 2 to match size of target (1)
Warning (10230): Verilog HDL assignment warning at Control_Unit.v(273): truncated value with size 2 to match size of target (1)
Warning (10272): Verilog HDL Case Statement warning at Control_Unit.v(247): case item expression covers a value already covered by a previous case item
Info (10264): Verilog HDL Case Statement information at Control_Unit.v(126): all case item expressions in this case statement are onehot
Warning: Output pins are stuck at VCC or GND
    Warning (13410): Pin "mux_1[0]" is stuck at GND
    Warning (13410): Pin "mux_1[1]" is stuck at GND
    Warning (13410): Pin "mux_2[0]" is stuck at GND
    Warning (13410): Pin "mux_2[1]" is stuck at GND
    Warning (13410): Pin "mux_3" is stuck at GND
    Warning (13410): Pin "mux_4" is stuck at GND
    Warning (13410): Pin "mux_6[0]" is stuck at GND
    Warning (13410): Pin "mux_6[1]" is stuck at GND
    Warning (13410): Pin "mux_7[3]" is stuck at GND
    Warning (13410): Pin "mux_8[0]" is stuck at GND
    Warning (13410): Pin "mux_8[1]" is stuck at GND
    Warning (13410): Pin "mux_9[1]" is stuck at GND
    Warning (13410): Pin "mux_9[2]" is stuck at GND
    Warning (13410): Pin "mux_10[0]" is stuck at GND
    Warning (13410): Pin "mux_10[1]" is stuck at GND
    Warning (13410): Pin "mux_10[2]" is stuck at GND
    Warning (13410): Pin "mux_11[0]" is stuck at GND
    Warning (13410): Pin "mux_11[1]" is stuck at GND
    Warning (13410): Pin "shift_control" is stuck at GND
    Warning (13410): Pin "ss_control" is stuck at GND
    Warning (13410): Pin "mem_write" is stuck at GND
    Warning (13410): Pin "mult_div[0]" is stuck at GND
    Warning (13410): Pin "mult_div[1]" is stuck at GND
    Warning (13410): Pin "hi_lo" is stuck at GND
    Warning (13410): Pin "EPC_CONTROL" is stuck at GND
    Warning (13410): Pin "MDR_CONTROL" is stuck at GND
    Warning (13410): Pin "LOAD_SIZE" is stuck at GND
    Warning (13410): Pin "ALU_OUT" is stuck at GND
    Warning (13410): Pin "REG_A" is stuck at GND
    Warning (13410): Pin "REG_B" is stuck at GND
    Warning (13410): Pin "XCH_CONTROL" is stuck at GND
Info: 66 registers lost all their fanouts during netlist optimizations. The first 66 are displayed below.
    Info: Register "state.ADD" lost all its fanouts during netlist optimizations.
    Info: Register "state.AND" lost all its fanouts during netlist optimizations.
    Info: Register "state.SUB" lost all its fanouts during netlist optimizations.
    Info: Register "state.SHIFT_SHAMT" lost all its fanouts during netlist optimizations.
    Info: Register "state.SHIFT_REG" lost all its fanouts during netlist optimizations.
    Info: Register "state.MFHI" lost all its fanouts during netlist optimizations.
    Info: Register "state.MFLO" lost all its fanouts during netlist optimizations.
    Info: Register "state.SLT" lost all its fanouts during netlist optimizations.
    Info: Register "state.JR" lost all its fanouts during netlist optimizations.
    Info: Register "state.RTE" lost all its fanouts during netlist optimizations.
    Info: Register "state.BREAK" lost all its fanouts during netlist optimizations.
    Info: Register "state.MULT_LOAD" lost all its fanouts during netlist optimizations.
    Info: Register "state.DIV_LOAD" lost all its fanouts during netlist optimizations.
    Info: Register "state.JAL" lost all its fanouts during netlist optimizations.
    Info: Register "state.J" lost all its fanouts during netlist optimizations.
    Info: Register "state.INCDEC" lost all its fanouts during netlist optimizations.
    Info: Register "state.ADDIU" lost all its fanouts during netlist optimizations.
    Info: Register "state.ADDI" lost all its fanouts during netlist optimizations.
    Info: Register "state.BEQ" lost all its fanouts during netlist optimizations.
    Info: Register "state.BNE" lost all its fanouts during netlist optimizations.
    Info: Register "state.BLE" lost all its fanouts during netlist optimizations.
    Info: Register "state.BGT" lost all its fanouts during netlist optimizations.
    Info: Register "state.LUI" lost all its fanouts during netlist optimizations.
    Info: Register "state.SLTI" lost all its fanouts during netlist optimizations.
    Info: Register "state.LS_CALC" lost all its fanouts during netlist optimizations.
    Info: Register "state.NOPCODE" lost all its fanouts during netlist optimizations.
    Info: Register "next_state~19" lost all its fanouts during netlist optimizations.
    Info: Register "next_state~20" lost all its fanouts during netlist optimizations.
    Info: Register "next_state~21" lost all its fanouts during netlist optimizations.
    Info: Register "next_state~22" lost all its fanouts during netlist optimizations.
    Info: Register "next_state~23" lost all its fanouts during netlist optimizations.
    Info: Register "next_state~24" lost all its fanouts during netlist optimizations.
    Info: Register "state~4" lost all its fanouts during netlist optimizations.
    Info: Register "state~5" lost all its fanouts during netlist optimizations.
    Info: Register "state~6" lost all its fanouts during netlist optimizations.
    Info: Register "state~7" lost all its fanouts during netlist optimizations.
    Info: Register "state~8" lost all its fanouts during netlist optimizations.
    Info: Register "state~9" lost all its fanouts during netlist optimizations.
    Info: Register "state~10" lost all its fanouts during netlist optimizations.
    Info: Register "state~11" lost all its fanouts during netlist optimizations.
    Info: Register "next_state.ADD" lost all its fanouts during netlist optimizations.
    Info: Register "next_state.AND" lost all its fanouts during netlist optimizations.
    Info: Register "next_state.SUB" lost all its fanouts during netlist optimizations.
    Info: Register "next_state.SHIFT_SHAMT" lost all its fanouts during netlist optimizations.
    Info: Register "next_state.SHIFT_REG" lost all its fanouts during netlist optimizations.
    Info: Register "next_state.MFHI" lost all its fanouts during netlist optimizations.
    Info: Register "next_state.MFLO" lost all its fanouts during netlist optimizations.
    Info: Register "next_state.SLT" lost all its fanouts during netlist optimizations.
    Info: Register "next_state.JR" lost all its fanouts during netlist optimizations.
    Info: Register "next_state.RTE" lost all its fanouts during netlist optimizations.
    Info: Register "next_state.BREAK" lost all its fanouts during netlist optimizations.
    Info: Register "next_state.MULT_LOAD" lost all its fanouts during netlist optimizations.
    Info: Register "next_state.DIV_LOAD" lost all its fanouts during netlist optimizations.
    Info: Register "next_state.JAL" lost all its fanouts during netlist optimizations.
    Info: Register "next_state.J" lost all its fanouts during netlist optimizations.
    Info: Register "next_state.INCDEC" lost all its fanouts during netlist optimizations.
    Info: Register "next_state.ADDIU" lost all its fanouts during netlist optimizations.
    Info: Register "next_state.ADDI" lost all its fanouts during netlist optimizations.
    Info: Register "next_state.BEQ" lost all its fanouts during netlist optimizations.
    Info: Register "next_state.BNE" lost all its fanouts during netlist optimizations.
    Info: Register "next_state.BLE" lost all its fanouts during netlist optimizations.
    Info: Register "next_state.BGT" lost all its fanouts during netlist optimizations.
    Info: Register "next_state.LUI" lost all its fanouts during netlist optimizations.
    Info: Register "next_state.SLTI" lost all its fanouts during netlist optimizations.
    Info: Register "next_state.LS_CALC" lost all its fanouts during netlist optimizations.
    Info: Register "next_state.NOPCODE" lost all its fanouts during netlist optimizations.
Info: Generated suppressed messages file C:/Users/guilh/Documents/Hardware/Projeto/Arquivos de Projeto do Quartus 9.2/DedoNoQuartusEGritaria.map.smsg
Warning: Design contains 18 input pin(s) that do not drive logic
    Warning (15610): No output dependent on input pin "equal"
    Warning (15610): No output dependent on input pin "less"
    Warning (15610): No output dependent on input pin "greater"
    Warning (15610): No output dependent on input pin "div0"
    Warning (15610): No output dependent on input pin "overflow"
    Warning (15610): No output dependent on input pin "negative"
    Warning (15610): No output dependent on input pin "funct[0]"
    Warning (15610): No output dependent on input pin "funct[1]"
    Warning (15610): No output dependent on input pin "funct[2]"
    Warning (15610): No output dependent on input pin "funct[3]"
    Warning (15610): No output dependent on input pin "funct[4]"
    Warning (15610): No output dependent on input pin "funct[5]"
    Warning (15610): No output dependent on input pin "opcode[0]"
    Warning (15610): No output dependent on input pin "opcode[1]"
    Warning (15610): No output dependent on input pin "opcode[2]"
    Warning (15610): No output dependent on input pin "opcode[3]"
    Warning (15610): No output dependent on input pin "opcode[4]"
    Warning (15610): No output dependent on input pin "opcode[5]"
Info: Implemented 71 device resources after synthesis - the final resource count might be different
    Info: Implemented 20 input pins
    Info: Implemented 40 output pins
    Info: Implemented 11 logic cells
Info: Quartus II Analysis & Synthesis was successful. 0 errors, 68 warnings
    Info: Peak virtual memory: 249 megabytes
    Info: Processing ended: Mon Oct 14 21:08:36 2019
    Info: Elapsed time: 00:00:02
    Info: Total CPU time (on all processors): 00:00:03


+------------------------------------------+
; Analysis & Synthesis Suppressed Messages ;
+------------------------------------------+
The suppressed messages can be found in C:/Users/guilh/Documents/Hardware/Projeto/Arquivos de Projeto do Quartus 9.2/DedoNoQuartusEGritaria.map.smsg.


