Flow report for DedoNoQuartusEGritaria
Sat Oct 19 08:10:25 2019
Quartus II Version 9.1 Build 350 03/24/2010 Service Pack 2 SJ Web Edition


---------------------
; Table of Contents ;
---------------------
  1. Legal Notice
  2. Flow Summary
  3. Flow Settings
  4. Flow Non-Default Global Settings
  5. Flow Elapsed Time
  6. Flow OS Summary
  7. Flow Log



----------------
; Legal Notice ;
----------------
Copyright (C) 1991-2010 Altera Corporation
Your use of Altera Corporation's design tools, logic functions 
and other software and tools, and its AMPP partner logic 
functions, and any output files from any of the foregoing 
(including device programming or simulation files), and any 
associated documentation or information are expressly subject 
to the terms and conditions of the Altera Program License 
Subscription Agreement, Altera MegaCore Function License 
Agreement, or other applicable license agreement, including, 
without limitation, that your use is for the sole purpose of 
programming logic devices manufactured by Altera and sold by 
Altera or its authorized distributors.  Please refer to the 
applicable agreement for further details.



+------------------------------------------------------------------------------+
; Flow Summary                                                                 ;
+-------------------------------+----------------------------------------------+
; Flow Status                   ; Successful - Sat Oct 19 08:10:20 2019        ;
; Quartus II Version            ; 9.1 Build 350 03/24/2010 SP 2 SJ Web Edition ;
; Revision Name                 ; DedoNoQuartusEGritaria                       ;
; Top-level Entity Name         ; Processador                                  ;
; Family                        ; Stratix III                                  ;
; Met timing requirements       ; N/A                                          ;
; Logic utilization             ; 12 %                                         ;
;     Combinational ALUTs       ; 2,907 / 38,000 ( 8 % )                       ;
;     Memory ALUTs              ; 0 / 19,000 ( 0 % )                           ;
;     Dedicated logic registers ; 1,851 / 38,000 ( 5 % )                       ;
; Total registers               ; 1851                                         ;
; Total pins                    ; 453 / 488 ( 93 % )                           ;
; Total virtual pins            ; 0                                            ;
; Total block memory bits       ; 8,192 / 1,880,064 ( < 1 % )                  ;
; DSP block 18-bit elements     ; 0 / 216 ( 0 % )                              ;
; Total PLLs                    ; 0 / 4 ( 0 % )                                ;
; Total DLLs                    ; 0 / 4 ( 0 % )                                ;
; Device                        ; EP3SL50F780C2                                ;
; Timing Models                 ; Final                                        ;
+-------------------------------+----------------------------------------------+


+--------------------------------------------+
; Flow Settings                              ;
+-------------------+------------------------+
; Option            ; Setting                ;
+-------------------+------------------------+
; Start date & time ; 10/19/2019 08:08:39    ;
; Main task         ; Compilation            ;
; Revision Name     ; DedoNoQuartusEGritaria ;
+-------------------+------------------------+


+------------------------------------------------------------------------------------------------------------------------------------+
; Flow Non-Default Global Settings                                                                                                   ;
+------------------------------------+---------------------------------+------------------------------+-------------+----------------+
; Assignment Name                    ; Value                           ; Default Value                ; Entity Name ; Section Id     ;
+------------------------------------+---------------------------------+------------------------------+-------------+----------------+
; COMPILER_SIGNATURE_ID              ; 167300355501163.157148331908148 ; --                           ; --          ; --             ;
; FITTER_EFFORT                      ; Standard Fit                    ; Auto Fit                     ; --          ; --             ;
; INCREMENTAL_COMPILATION            ; Off                             ; FULL_INCREMENTAL_COMPILATION ; --          ; --             ;
; PARTITION_COLOR                    ; 16764057                        ; --                           ; Processador ; Top            ;
; PARTITION_NETLIST_TYPE             ; SOURCE                          ; --                           ; Processador ; Top            ;
; TOP_LEVEL_ENTITY                   ; Processador                     ; DedoNoQuartusEGritaria       ; --          ; --             ;
; USE_GENERATED_PHYSICAL_CONSTRAINTS ; Off                             ; --                           ; --          ; eda_blast_fpga ;
+------------------------------------+---------------------------------+------------------------------+-------------+----------------+


+-------------------------------------------------------------------------------------------------------------------------------+
; Flow Elapsed Time                                                                                                             ;
+---------------------------+--------------+-------------------------+---------------------+------------------------------------+
; Module Name               ; Elapsed Time ; Average Processors Used ; Peak Virtual Memory ; Total CPU Time (on all processors) ;
+---------------------------+--------------+-------------------------+---------------------+------------------------------------+
; Analysis & Synthesis      ; 00:00:22     ; 1.0                     ; 290 MB              ; 00:00:25                           ;
; Fitter                    ; 00:01:10     ; 1.0                     ; 395 MB              ; 00:01:10                           ;
; TimeQuest Timing Analyzer ; 00:00:10     ; 1.0                     ; 320 MB              ; 00:00:10                           ;
; Assembler                 ; 00:00:06     ; 1.0                     ; 334 MB              ; 00:00:05                           ;
; Total                     ; 00:01:42     ; --                      ; --                  ; 00:01:45                           ;
+---------------------------+--------------+-------------------------+---------------------+------------------------------------+


+--------------------------------------------------------------------------------------------+
; Flow OS Summary                                                                            ;
+---------------------------+------------------+---------------+------------+----------------+
; Module Name               ; Machine Hostname ; OS Name       ; OS Version ; Processor type ;
+---------------------------+------------------+---------------+------------+----------------+
; Analysis & Synthesis      ; LAPTOP-3HD5KTFT  ; Windows Vista ; 6.2        ; x86_64         ;
; Fitter                    ; LAPTOP-3HD5KTFT  ; Windows Vista ; 6.2        ; x86_64         ;
; Assembler                 ; LAPTOP-3HD5KTFT  ; Windows Vista ; 6.2        ; x86_64         ;
; TimeQuest Timing Analyzer ; LAPTOP-3HD5KTFT  ; Windows Vista ; 6.2        ; x86_64         ;
+---------------------------+------------------+---------------+------------+----------------+


------------
; Flow Log ;
------------
quartus_map --read_settings_files=on --write_settings_files=off DedoNoQuartusEGritaria -c DedoNoQuartusEGritaria
quartus_fit --read_settings_files=off --write_settings_files=off DedoNoQuartusEGritaria -c DedoNoQuartusEGritaria
quartus_asm --read_settings_files=off --write_settings_files=off DedoNoQuartusEGritaria -c DedoNoQuartusEGritaria
quartus_sta DedoNoQuartusEGritaria -c DedoNoQuartusEGritaria



