--------------------------------------------------------------------------------------
Timing Analyzer Summary
--------------------------------------------------------------------------------------

Type           : Worst-case tco
Slack          : N/A
Required Time  : None
Actual Time    : 12.612 ns
From           : Registrador:inst10|Saida[6]
To             : MUX_PC[29]
From Clock     : clock
To Clock       : --
Failed Paths   : 0

Type           : Clock Setup: 'clock'
Slack          : N/A
Required Time  : None
Actual Time    : 168.83 MHz ( period = 5.923 ns )
From           : Registrador:inst10|Saida[6]
To             : Registrador:inst10|Saida[30]
From Clock     : clock
To Clock       : clock
Failed Paths   : 0

Type           : Total number of failed paths
Slack          : 
Required Time  : 
Actual Time    : 
From           : 
To             : 
From Clock     : 
To Clock       : 
Failed Paths   : 0

--------------------------------------------------------------------------------------

